// Jest Snapshot v1, https://goo.gl/fbAQLP

exports[`loader should works: errors 1`] = `Array []`;

exports[`loader should works: separator 1`] = `
"export default function generateErrorTemplate(err) {
  const strToHtml = (str) =>
    (str || '')
      .replace(/&/g, '&')
      .replace(/</g, '<')
      .replace(/>/g, '>')
      .replace(/\\"/g, '')
      .replace(/'/g, \\"'\\")
      .replace(/\\\\[(\\\\d+)m/g, '')
      .replace(/ /g, ' ')
      .replace(/\\\\n/g, '<br />');
  const template = \`
          <!DOCTYPE html> 
          <html>
          <head>
          </head>
          <body>
            <div>
              \${strToHtml(err.toString()) || ''}
            </div>
          </body>
          </html>\`;
  return template;
}
"
`;
